#
# There is insufficient memory for the Java Runtime Environment to continue.
# Native memory allocation (mmap) failed to map 7340032 bytes. Error detail: G1 virtual space
# Possible reasons:
#   The system is out of physical RAM or swap space
#   This process is running with CompressedOops enabled, and the Java Heap may be blocking the growth of the native heap
# Possible solutions:
#   Reduce memory load on the system
#   Increase physical memory or swap space
#   Check if swap backing store is full
#   Decrease Java heap size (-Xmx/-Xms)
#   Decrease number of Java threads
#   Decrease Java thread stack sizes (-Xss)
#   Set larger code cache with -XX:ReservedCodeCacheSize=
#   JVM is running with Unscaled Compressed Oops mode in which the Java heap is
#     placed in the first 4GB address space. The Java Heap base address is the
#     maximum limit for the native heap growth. Please use -XX:HeapBaseMinAddress
#     to set the Java Heap base and to place the Java Heap above 4GB virtual address.
# This output file may be truncated or incomplete.
#
#  Out of Memory Error (os_windows.cpp:3703), pid=7968, tid=3668
#
# JRE version: Java(TM) SE Runtime Environment (23.0.1+11) (build 23.0.1+11-39)
# Java VM: Java HotSpot(TM) 64-Bit Server VM (23.0.1+11-39, mixed mode, emulated-client, sharing, tiered, compressed oops, compressed class ptrs, g1 gc, windows-amd64)
# No core dump will be written. Minidumps are not enabled by default on client versions of Windows
#

---------------  S U M M A R Y ------------

Command Line: -XX:TieredStopAtLevel=1 com.colegiosapiens.ColegioSapiensApplication

Host: Intel(R) Core(TM) i7-5500U CPU @ 2.40GHz, 4 cores, 1G,  Windows 10 , 64 bit Build 18362 (10.0.18362.86)
Time: Mon Sep 28 22:34:53 2026 Hora oficial do Brasil elapsed time: 7.573625 seconds (0d 0h 0m 7s)

---------------  T H R E A D  ---------------

Current thread (0x000002f7a230d3f0):  VMThread "VM Thread"          [id=3668, stack(0x000000f9e1000000,0x000000f9e1100000) (1024K)]

Stack: [0x000000f9e1000000,0x000000f9e1100000]
Native frames: (J=compiled Java code, j=interpreted, Vv=VM code, C=native code)
V  [jvm.dll+0x6e08b9]  (no source info available)
V  [jvm.dll+0x87dc83]  (no source info available)
V  [jvm.dll+0x88010e]  (no source info available)
V  [jvm.dll+0x8807e3]  (no source info available)
V  [jvm.dll+0x27aee6]  (no source info available)
V  [jvm.dll+0x6dd1c5]  (no source info available)
V  [jvm.dll+0x6d104a]  (no source info available)
V  [jvm.dll+0x35b3ea]  (no source info available)
V  [jvm.dll+0x3637f6]  (no source info available)
V  [jvm.dll+0x34fd5e]  (no source info available)
V  [jvm.dll+0x34fff8]  (no source info available)
V  [jvm.dll+0x3289cc]  (no source info available)
V  [jvm.dll+0x328a5a]  (no source info available)
V  [jvm.dll+0x374c92]  (no source info available)
V  [jvm.dll+0x373392]  (no source info available)
V  [jvm.dll+0x3281a7]  (no source info available)
V  [jvm.dll+0x372b44]  (no source info available)
V  [jvm.dll+0x886720]  (no source info available)
V  [jvm.dll+0x887a47]  (no source info available)
V  [jvm.dll+0x887f78]  (no source info available)
V  [jvm.dll+0x888213]  (no source info available)
V  [jvm.dll+0x824f8b]  (no source info available)
V  [jvm.dll+0x6df065]  (no source info available)
C  [ucrtbase.dll+0x1d912]  (no source info available)
C  [KERNEL32.DLL+0x17bd4]  (no source info available)
C  [ntdll.dll+0x6ce71]  (no source info available)

VM_Operation (0x000000f9e1efda20): G1CollectForAllocation, mode: safepoint, requested by thread 0x000002f7e842edc0


---------------  P R O C E S S  ---------------

Threads class SMR info:
_java_thread_list=0x000002f7e82af760, length=12, elements={
0x000002f793ff8f30, 0x000002f7a2321110, 0x000002f7a2325100, 0x000002f7a23291a0,
0x000002f7a232bf30, 0x000002f7a232d2e0, 0x000002f7a2331b90, 0x000002f7a2332f40,
0x000002f7a245cd60, 0x000002f7a2463d80, 0x000002f7e841a660, 0x000002f7e842edc0
}

Java Threads: ( => current thread )
  0x000002f793ff8f30 JavaThread "main"                              [_thread_blocked, id=8576, stack(0x000000f9e0900000,0x000000f9e0a00000) (1024K)]
  0x000002f7a2321110 JavaThread "Reference Handler"          daemon [_thread_blocked, id=9076, stack(0x000000f9e1100000,0x000000f9e1200000) (1024K)]
  0x000002f7a2325100 JavaThread "Finalizer"                  daemon [_thread_blocked, id=8464, stack(0x000000f9e1200000,0x000000f9e1300000) (1024K)]
  0x000002f7a23291a0 JavaThread "Signal Dispatcher"          daemon [_thread_blocked, id=3792, stack(0x000000f9e1300000,0x000000f9e1400000) (1024K)]
  0x000002f7a232bf30 JavaThread "Attach Listener"            daemon [_thread_blocked, id=7704, stack(0x000000f9e1400000,0x000000f9e1500000) (1024K)]
  0x000002f7a232d2e0 JavaThread "Service Thread"             daemon [_thread_blocked, id=7940, stack(0x000000f9e1500000,0x000000f9e1600000) (1024K)]
  0x000002f7a2331b90 JavaThread "Monitor Deflation Thread"   daemon [_thread_blocked, id=4364, stack(0x000000f9e1600000,0x000000f9e1700000) (1024K)]
  0x000002f7a2332f40 JavaThread "C1 CompilerThread0"         daemon [_thread_blocked, id=3900, stack(0x000000f9e1700000,0x000000f9e1800000) (1024K)]
  0x000002f7a245cd60 JavaThread "Notification Thread"        daemon [_thread_blocked, id=2400, stack(0x000000f9e1800000,0x000000f9e1900000) (1024K)]
  0x000002f7a2463d80 JavaThread "Common-Cleaner"             daemon [_thread_blocked, id=5936, stack(0x000000f9e1900000,0x000000f9e1a00000) (1024K)]
  0x000002f7e841a660 JavaThread "Thread-0"                          [_thread_blocked, id=564, stack(0x000000f9e1d00000,0x000000f9e1e00000) (1024K)]
  0x000002f7e842edc0 JavaThread "restartedMain"                     [_thread_blocked, id=9384, stack(0x000000f9e1e00000,0x000000f9e1f00000) (1024K)]
Total: 12

Other Threads:
=>0x000002f7a230d3f0 VMThread "VM Thread"                           [id=3668, stack(0x000000f9e1000000,0x000000f9e1100000) (1024K)]
  0x000002f7940be990 WatcherThread "VM Periodic Task Thread"        [id=3116, stack(0x000000f9e0f00000,0x000000f9e1000000) (1024K)]
  0x000002f79402ebe0 WorkerThread "GC Thread#0"                     [id=8132, stack(0x000000f9e0a00000,0x000000f9e0b00000) (1024K)]
  0x000002f7e83a9d90 WorkerThread "GC Thread#1"                     [id=7264, stack(0x000000f9e1a00000,0x000000f9e1b00000) (1024K)]
  0x000002f7e83c6b30 WorkerThread "GC Thread#2"                     [id=9492, stack(0x000000f9e1b00000,0x000000f9e1c00000) (1024K)]
  0x000002f7e837c660 WorkerThread "GC Thread#3"                     [id=9960, stack(0x000000f9e1c00000,0x000000f9e1d00000) (1024K)]
  0x000002f794034870 ConcurrentGCThread "G1 Main Marker"            [id=5512, stack(0x000000f9e0b00000,0x000000f9e0c00000) (1024K)]
  0x000002f794036c90 WorkerThread "G1 Conc#0"                       [id=8704, stack(0x000000f9e0c00000,0x000000f9e0d00000) (1024K)]
  0x000002f79406cc10 ConcurrentGCThread "G1 Refine#0"               [id=7744, stack(0x000000f9e0d00000,0x000000f9e0e00000) (1024K)]
  0x000002f79406ef50 ConcurrentGCThread "G1 Service"                [id=10540, stack(0x000000f9e0e00000,0x000000f9e0f00000) (1024K)]
Total: 10

Threads with active compile tasks:
Total: 0

VM state: at safepoint (normal execution)

VM Mutex/Monitor currently owned by a thread:  ([mutex/lock_event])
[0x00007ffc9cd33910] Threads_lock - owner thread: 0x000002f7a230d3f0
[0x00007ffc9cd33a10] Heap_lock - owner thread: 0x000002f7e842edc0

Heap address: 0x00000000e1200000, size: 494 MB, Compressed Oops mode: 32-bit

CDS archive(s) mapped at: [0x000002f7a3000000-0x000002f7a3d70000-0x000002f7a3d70000), size 14090240, SharedBaseAddress: 0x000002f7a3000000, ArchiveRelocationMode: 1.
Compressed class space mapped at: 0x000002f7a4000000-0x000002f7e4000000, reserved size: 1073741824
Narrow klass base: 0x000002f7a3000000, Narrow klass shift: 0, Narrow klass range: 0x41000000

GC Precious Log:
 CardTable entry size: 512
 Card Set container configuration: InlinePtr #cards 5 size 8 Array Of Cards #cards 10 size 36 Howl #buckets 4 coarsen threshold 1843 Howl Bitmap #cards 512 size 80 coarsen threshold 460 Card regions per heap region 1 cards per card region 2048
 CPUs: 4 total, 4 available
 Memory: 1975M
 Large Page Support: Disabled
 NUMA Support: Disabled
 Compressed Oops: Enabled (32-bit)
 Heap Region Size: 1M
 Heap Min Capacity: 8M
 Heap Initial Capacity: 32M
 Heap Max Capacity: 494M
 Pre-touch: Disabled
 Parallel Workers: 4
 Concurrent Workers: 1
 Concurrent Refinement Workers: 4
 Periodic GC: Disabled

Heap:
 garbage-first heap   total reserved 505856K, committed 32768K, used 18004K [0x00000000e1200000, 0x0000000100000000)
  region size 1024K, 2 young (2048K), 2 survivors (2048K)
 Metaspace       used 23892K, committed 24256K, reserved 1114112K
  class space    used 3447K, committed 3584K, reserved 1048576K

Heap Regions: E=young(eden), S=young(survivor), O=old, HS=humongous(starts), HC=humongous(continues), CS=collection set, F=free, TAMS=top-at-mark-start, PB=parsable bottom
|   0|0x00000000e1200000, 0x00000000e1300000, 0x00000000e1300000|100%|HS|  |TAMS 0x00000000e1300000| PB 0x00000000e1200000| Complete |  0
|   1|0x00000000e1300000, 0x00000000e1400000, 0x00000000e1400000|100%|HS|  |TAMS 0x00000000e1400000| PB 0x00000000e1300000| Complete |  0
|   2|0x00000000e1400000, 0x00000000e1500000, 0x00000000e1500000|100%| O|  |TAMS 0x00000000e1500000| PB 0x00000000e1400000| Untracked |  0
|   3|0x00000000e1500000, 0x00000000e1600000, 0x00000000e1600000|100%| O|  |TAMS 0x00000000e1600000| PB 0x00000000e1500000| Untracked |  0
|   4|0x00000000e1600000, 0x00000000e1700000, 0x00000000e1700000|100%| O|  |TAMS 0x00000000e1700000| PB 0x00000000e1600000| Untracked |  0
|   5|0x00000000e1700000, 0x00000000e17666f0, 0x00000000e1800000| 40%| O|  |TAMS 0x00000000e1700000| PB 0x00000000e1700000| Untracked |  0
|   6|0x00000000e1800000, 0x00000000e1900000, 0x00000000e1900000|100%| O|  |TAMS 0x00000000e1900000| PB 0x00000000e1800000| Untracked |  0
|   7|0x00000000e1900000, 0x00000000e1a00000, 0x00000000e1a00000|100%| O|  |TAMS 0x00000000e1a00000| PB 0x00000000e1900000| Untracked |  0
|   8|0x00000000e1a00000, 0x00000000e1b00000, 0x00000000e1b00000|100%| O|  |TAMS 0x00000000e1b00000| PB 0x00000000e1a00000| Untracked |  0
|   9|0x00000000e1b00000, 0x00000000e1c00000, 0x00000000e1c00000|100%| O|  |TAMS 0x00000000e1c00000| PB 0x00000000e1b00000| Untracked |  0
|  10|0x00000000e1c00000, 0x00000000e1d00000, 0x00000000e1d00000|100%| O|  |TAMS 0x00000000e1d00000| PB 0x00000000e1c00000| Untracked |  0
|  11|0x00000000e1d00000, 0x00000000e1e00000, 0x00000000e1e00000|100%| O|  |TAMS 0x00000000e1e00000| PB 0x00000000e1d00000| Untracked |  0
|  12|0x00000000e1e00000, 0x00000000e1f00000, 0x00000000e1f00000|100%| O|  |TAMS 0x00000000e1f00000| PB 0x00000000e1e00000| Untracked |  0
|  13|0x00000000e1f00000, 0x00000000e2000000, 0x00000000e2000000|100%| O|  |TAMS 0x00000000e2000000| PB 0x00000000e1f00000| Untracked |  0
|  14|0x00000000e2000000, 0x00000000e2100000, 0x00000000e2100000|100%| O|  |TAMS 0x00000000e2100000| PB 0x00000000e2000000| Untracked |  0
|  15|0x00000000e2100000, 0x00000000e2200000, 0x00000000e2200000|100%| O|  |TAMS 0x00000000e2200000| PB 0x00000000e2100000| Untracked |  0
|  16|0x00000000e2200000, 0x00000000e2300000, 0x00000000e2300000|100%| O|  |TAMS 0x00000000e22798c0| PB 0x00000000e2200000| Untracked |  0
|  17|0x00000000e2300000, 0x00000000e2300000, 0x00000000e2400000|  0%| F|  |TAMS 0x00000000e2300000| PB 0x00000000e2300000| Untracked |  0
|  18|0x00000000e2400000, 0x00000000e2400000, 0x00000000e2500000|  0%| F|  |TAMS 0x00000000e2400000| PB 0x00000000e2400000| Untracked |  0
|  19|0x00000000e2500000, 0x00000000e252ea40, 0x00000000e2600000| 18%| S|CS|TAMS 0x00000000e2500000| PB 0x00000000e2500000| Complete |  0
|  20|0x00000000e2600000, 0x00000000e2700000, 0x00000000e2700000|100%| S|CS|TAMS 0x00000000e2600000| PB 0x00000000e2600000| Complete |  0
|  21|0x00000000e2700000, 0x00000000e2700000, 0x00000000e2800000|  0%| F|  |TAMS 0x00000000e2700000| PB 0x00000000e2700000| Untracked |  0
|  22|0x00000000e2800000, 0x00000000e2800000, 0x00000000e2900000|  0%| F|  |TAMS 0x00000000e2800000| PB 0x00000000e2800000| Untracked |  0
|  23|0x00000000e2900000, 0x00000000e2900000, 0x00000000e2a00000|  0%| F|  |TAMS 0x00000000e2900000| PB 0x00000000e2900000| Untracked |  0
|  24|0x00000000e2a00000, 0x00000000e2a00000, 0x00000000e2b00000|  0%| F|  |TAMS 0x00000000e2a00000| PB 0x00000000e2a00000| Untracked |  0
|  25|0x00000000e2b00000, 0x00000000e2b00000, 0x00000000e2c00000|  0%| F|  |TAMS 0x00000000e2b00000| PB 0x00000000e2b00000| Untracked |  0
|  26|0x00000000e2c00000, 0x00000000e2c00000, 0x00000000e2d00000|  0%| F|  |TAMS 0x00000000e2c00000| PB 0x00000000e2c00000| Untracked |  0
|  27|0x00000000e2d00000, 0x00000000e2d00000, 0x00000000e2e00000|  0%| F|  |TAMS 0x00000000e2d00000| PB 0x00000000e2d00000| Untracked |  0
|  28|0x00000000e2e00000, 0x00000000e2e00000, 0x00000000e2f00000|  0%| F|  |TAMS 0x00000000e2e00000| PB 0x00000000e2e00000| Untracked |  0
|  29|0x00000000e2f00000, 0x00000000e2f00000, 0x00000000e3000000|  0%| F|  |TAMS 0x00000000e2f00000| PB 0x00000000e2f00000| Untracked |  0
|  30|0x00000000e3000000, 0x00000000e3000000, 0x00000000e3100000|  0%| F|  |TAMS 0x00000000e3000000| PB 0x00000000e3000000| Untracked |  0
|  31|0x00000000e3100000, 0x00000000e3100000, 0x00000000e3200000|  0%| F|  |TAMS 0x00000000e3100000| PB 0x00000000e3100000| Untracked |  0

Card table byte_map: [0x000002f793d00000,0x000002f793e00000] _byte_map_base: 0x000002f7935f7000

Marking Bits: (CMBitMap*) 0x000002f79402f200
 Bits: [0x000002f79f730000, 0x000002f79fee8000)

Polling page: 0x000002f791d50000

Metaspace:

Usage:
  Non-class:     19.97 MB used.
      Class:      3.37 MB used.
       Both:     23.33 MB used.

Virtual space:
  Non-class space:       64.00 MB reserved,      20.19 MB ( 32%) committed,  1 nodes.
      Class space:        1.00 GB reserved,       3.50 MB ( <1%) committed,  1 nodes.
             Both:        1.06 GB reserved,      23.69 MB (  2%) committed. 

Chunk freelists:
   Non-Class:  11.53 MB
       Class:  12.45 MB
        Both:  23.98 MB

MaxMetaspaceSize: unlimited
CompressedClassSpaceSize: 1.00 GB
Initial GC threshold: 21.00 MB
Current GC threshold: 35.13 MB
CDS: on
 - commit_granule_bytes: 65536.
 - commit_granule_words: 8192.
 - virtual_space_node_default_size: 8388608.
 - enlarge_chunks_in_place: 1.
 - use_allocation_guard: 0.


Internal statistics:

num_allocs_failed_limit: 3.
num_arena_births: 418.
num_arena_deaths: 0.
num_vsnodes_births: 2.
num_vsnodes_deaths: 0.
num_space_committed: 379.
num_space_uncommitted: 0.
num_chunks_returned_to_freelist: 3.
num_chunks_taken_from_freelist: 1299.
num_chunk_merges: 3.
num_chunk_splits: 873.
num_chunks_enlarged: 598.
num_inconsistent_stats: 0.

CodeCache: size=49152Kb used=5570Kb max_used=5570Kb free=43582Kb
 bounds [0x000002f79c730000, 0x000002f79ccb0000, 0x000002f79f730000]
 total_blobs=4150, nmethods=3615, adapters=460, full_count=0
Compilation: enabled, stopped_count=0, restarted_count=0

Compilation events (20 events):
Event: 7.504 Thread 0x000002f7a2332f40 3606       1       org.springframework.beans.factory.support.DefaultListableBeanFactory::getBeanDefinition (60 bytes)
Event: 7.505 Thread 0x000002f7a2332f40 nmethod 3606 0x000002f79cc9de88 code [0x000002f79cc9e000, 0x000002f79cc9e310]
Event: 7.505 Thread 0x000002f7a2332f40 3607       1       org.springframework.core.AttributeAccessorSupport::copyAttributesFrom (56 bytes)
Event: 7.506 Thread 0x000002f7a2332f40 nmethod 3607 0x000002f79cc9e388 code [0x000002f79cc9e540, 0x000002f79cc9ec20]
Event: 7.506 Thread 0x000002f7a2332f40 3608       1       org.springframework.core.AttributeAccessorSupport::attributeNames (13 bytes)
Event: 7.506 Thread 0x000002f7a2332f40 nmethod 3608 0x000002f79cc9ed08 code [0x000002f79cc9ee60, 0x000002f79cc9f068]
Event: 7.506 Thread 0x000002f7a2332f40 3609       1       java.util.stream.ForEachOps$ForEachOp::get (2 bytes)
Event: 7.506 Thread 0x000002f7a2332f40 nmethod 3609 0x000002f79cc9f108 code [0x000002f79cc9f220, 0x000002f79cc9f2f0]
Event: 7.514 Thread 0x000002f7a2332f40 3610       1       org.springframework.boot.autoconfigure.condition.OnBeanCondition$Spec::getContext (5 bytes)
Event: 7.514 Thread 0x000002f7a2332f40 nmethod 3610 0x000002f79cc9f408 code [0x000002f79cc9f520, 0x000002f79cc9f5e8]
Event: 7.514 Thread 0x000002f7a2332f40 3611       1       org.springframework.boot.autoconfigure.condition.OnBeanCondition$Spec::getTypes (5 bytes)
Event: 7.514 Thread 0x000002f7a2332f40 nmethod 3611 0x000002f79cc9f708 code [0x000002f79cc9f820, 0x000002f79cc9f8e8]
Event: 7.514 Thread 0x000002f7a2332f40 3612       1       org.springframework.core.ResolvableType::getGeneric (90 bytes)
Event: 7.515 Thread 0x000002f7a2332f40 nmethod 3612 0x000002f79cc9fa08 code [0x000002f79cc9fb60, 0x000002f79cc9fde0]
Event: 7.520 Thread 0x000002f7a2332f40 3613       1       org.springframework.boot.autoconfigure.condition.FilteringSpringBootCondition::<init> (5 bytes)
Event: 7.521 Thread 0x000002f7a2332f40 nmethod 3613 0x000002f79cc9fe08 code [0x000002f79cc9ff40, 0x000002f79cca0168]
Event: 7.521 Thread 0x000002f7a2332f40 3614       1       org.springframework.boot.autoconfigure.condition.OnBeanCondition$Spec::getNames (5 bytes)
Event: 7.521 Thread 0x000002f7a2332f40 nmethod 3614 0x000002f79cca0208 code [0x000002f79cca0320, 0x000002f79cca03e8]
Event: 7.521 Thread 0x000002f7a2332f40 3615       1       org.springframework.boot.autoconfigure.condition.OnBeanCondition$Spec::getAnnotations (5 bytes)
Event: 7.522 Thread 0x000002f7a2332f40 nmethod 3615 0x000002f79cca0508 code [0x000002f79cca0620, 0x000002f79cca06e8]

GC Heap History (20 events):
Event: 2.529 GC heap after
{Heap after GC invocations=2 (full 0):
 garbage-first heap   total reserved 505856K, committed 32768K, used 8416K [0x00000000e1200000, 0x0000000100000000)
  region size 1024K, 1 young (1024K), 1 survivors (1024K)
 Metaspace       used 4690K, committed 4928K, reserved 1114112K
  class space    used 667K, committed 768K, reserved 1048576K
}
Event: 3.899 GC heap before
{Heap before GC invocations=2 (full 0):
 garbage-first heap   total reserved 505856K, committed 32768K, used 19680K [0x00000000e1200000, 0x0000000100000000)
  region size 1024K, 12 young (12288K), 1 survivors (1024K)
 Metaspace       used 7126K, committed 7488K, reserved 1114112K
  class space    used 1037K, committed 1216K, reserved 1048576K
}
Event: 3.902 GC heap after
{Heap after GC invocations=3 (full 0):
 garbage-first heap   total reserved 505856K, committed 32768K, used 9421K [0x00000000e1200000, 0x0000000100000000)
  region size 1024K, 2 young (2048K), 2 survivors (2048K)
 Metaspace       used 7126K, committed 7488K, reserved 1114112K
  class space    used 1037K, committed 1216K, reserved 1048576K
}
Event: 4.405 GC heap before
{Heap before GC invocations=3 (full 0):
 garbage-first heap   total reserved 505856K, committed 32768K, used 21709K [0x00000000e1200000, 0x0000000100000000)
  region size 1024K, 14 young (14336K), 2 survivors (2048K)
 Metaspace       used 9889K, committed 10240K, reserved 1114112K
  class space    used 1472K, committed 1600K, reserved 1048576K
}
Event: 4.419 GC heap after
{Heap after GC invocations=4 (full 0):
 garbage-first heap   total reserved 505856K, committed 32768K, used 10293K [0x00000000e1200000, 0x0000000100000000)
  region size 1024K, 2 young (2048K), 2 survivors (2048K)
 Metaspace       used 9889K, committed 10240K, reserved 1114112K
  class space    used 1472K, committed 1600K, reserved 1048576K
}
Event: 4.930 GC heap before
{Heap before GC invocations=4 (full 0):
 garbage-first heap   total reserved 505856K, committed 32768K, used 22581K [0x00000000e1200000, 0x0000000100000000)
  region size 1024K, 15 young (15360K), 2 survivors (2048K)
 Metaspace       used 12237K, committed 12544K, reserved 1114112K
  class space    used 1905K, committed 2048K, reserved 1048576K
}
Event: 4.935 GC heap after
{Heap after GC invocations=5 (full 0):
 garbage-first heap   total reserved 505856K, committed 32768K, used 11160K [0x00000000e1200000, 0x0000000100000000)
  region size 1024K, 2 young (2048K), 2 survivors (2048K)
 Metaspace       used 12237K, committed 12544K, reserved 1114112K
  class space    used 1905K, committed 2048K, reserved 1048576K
}
Event: 5.379 GC heap before
{Heap before GC invocations=5 (full 0):
 garbage-first heap   total reserved 505856K, committed 32768K, used 23448K [0x00000000e1200000, 0x0000000100000000)
  region size 1024K, 15 young (15360K), 2 survivors (2048K)
 Metaspace       used 16226K, committed 16576K, reserved 1114112K
  class space    used 2350K, committed 2496K, reserved 1048576K
}
Event: 5.384 GC heap after
{Heap after GC invocations=6 (full 0):
 garbage-first heap   total reserved 505856K, committed 32768K, used 12602K [0x00000000e1200000, 0x0000000100000000)
  region size 1024K, 2 young (2048K), 2 survivors (2048K)
 Metaspace       used 16226K, committed 16576K, reserved 1114112K
  class space    used 2350K, committed 2496K, reserved 1048576K
}
Event: 5.633 GC heap before
{Heap before GC invocations=6 (full 0):
 garbage-first heap   total reserved 505856K, committed 32768K, used 24890K [0x00000000e1200000, 0x0000000100000000)
  region size 1024K, 15 young (15360K), 2 survivors (2048K)
 Metaspace       used 18644K, committed 18944K, reserved 1114112K
  class space    used 2659K, committed 2816K, reserved 1048576K
}
Event: 5.638 GC heap after
{Heap after GC invocations=7 (full 0):
 garbage-first heap   total reserved 505856K, committed 32768K, used 13908K [0x00000000e1200000, 0x0000000100000000)
  region size 1024K, 2 young (2048K), 2 survivors (2048K)
 Metaspace       used 18644K, committed 18944K, reserved 1114112K
  class space    used 2659K, committed 2816K, reserved 1048576K
}
Event: 6.064 GC heap before
{Heap before GC invocations=7 (full 0):
 garbage-first heap   total reserved 505856K, committed 32768K, used 25172K [0x00000000e1200000, 0x0000000100000000)
  region size 1024K, 14 young (14336K), 2 survivors (2048K)
 Metaspace       used 20840K, committed 21184K, reserved 1114112K
  class space    used 2974K, committed 3136K, reserved 1048576K
}
Event: 6.068 GC heap after
{Heap after GC invocations=8 (full 0):
 garbage-first heap   total reserved 505856K, committed 32768K, used 15712K [0x00000000e1200000, 0x0000000100000000)
  region size 1024K, 2 young (2048K), 2 survivors (2048K)
 Metaspace       used 20840K, committed 21184K, reserved 1114112K
  class space    used 2974K, committed 3136K, reserved 1048576K
}
Event: 6.213 GC heap before
{Heap before GC invocations=8 (full 0):
 garbage-first heap   total reserved 505856K, committed 32768K, used 18784K [0x00000000e1200000, 0x0000000100000000)
  region size 1024K, 6 young (6144K), 2 survivors (2048K)
 Metaspace       used 21132K, committed 21504K, reserved 1114112K
  class space    used 3017K, committed 3136K, reserved 1048576K
}
Event: 6.219 GC heap after
{Heap after GC invocations=9 (full 0):
 garbage-first heap   total reserved 505856K, committed 32768K, used 16377K [0x00000000e1200000, 0x0000000100000000)
  region size 1024K, 1 young (1024K), 1 survivors (1024K)
 Metaspace       used 21132K, committed 21504K, reserved 1114112K
  class space    used 3017K, committed 3136K, reserved 1048576K
}
Event: 6.623 GC heap before
{Heap before GC invocations=10 (full 0):
 garbage-first heap   total reserved 505856K, committed 32768K, used 26617K [0x00000000e1200000, 0x0000000100000000)
  region size 1024K, 11 young (11264K), 1 survivors (1024K)
 Metaspace       used 21405K, committed 21760K, reserved 1114112K
  class space    used 3081K, committed 3200K, reserved 1048576K
}
Event: 6.626 GC heap after
{Heap after GC invocations=11 (full 0):
 garbage-first heap   total reserved 505856K, committed 32768K, used 16956K [0x00000000e1200000, 0x0000000100000000)
  region size 1024K, 2 young (2048K), 2 survivors (2048K)
 Metaspace       used 21405K, committed 21760K, reserved 1114112K
  class space    used 3081K, committed 3200K, reserved 1048576K
}
Event: 7.053 GC heap before
{Heap before GC invocations=11 (full 0):
 garbage-first heap   total reserved 505856K, committed 32768K, used 26172K [0x00000000e1200000, 0x0000000100000000)
  region size 1024K, 11 young (11264K), 2 survivors (2048K)
 Metaspace       used 22704K, committed 23040K, reserved 1114112K
  class space    used 3254K, committed 3392K, reserved 1048576K
}
Event: 7.061 GC heap after
{Heap after GC invocations=12 (full 0):
 garbage-first heap   total reserved 505856K, committed 32768K, used 17403K [0x00000000e1200000, 0x0000000100000000)
  region size 1024K, 2 young (2048K), 2 survivors (2048K)
 Metaspace       used 22704K, committed 23040K, reserved 1114112K
  class space    used 3254K, committed 3392K, reserved 1048576K
}
Event: 7.522 GC heap before
{Heap before GC invocations=12 (full 0):
 garbage-first heap   total reserved 505856K, committed 32768K, used 26619K [0x00000000e1200000, 0x0000000100000000)
  region size 1024K, 11 young (11264K), 2 survivors (2048K)
 Metaspace       used 23892K, committed 24256K, reserved 1114112K
  class space    used 3447K, committed 3584K, reserved 1048576K
}

Dll operation events (8 events):
Event: 0.154 Loaded shared library C:\Program Files\Java\jdk-23\bin\java.dll
Event: 0.702 Loaded shared library C:\Program Files\Java\jdk-23\bin\net.dll
Event: 0.720 Loaded shared library C:\Program Files\Java\jdk-23\bin\nio.dll
Event: 0.727 Loaded shared library C:\Program Files\Java\jdk-23\bin\zip.dll
Event: 1.112 Loaded shared library C:\Program Files\Java\jdk-23\bin\jimage.dll
Event: 2.209 Loaded shared library C:\Program Files\Java\jdk-23\bin\management.dll
Event: 2.229 Loaded shared library C:\Program Files\Java\jdk-23\bin\management_ext.dll
Event: 5.936 Loaded shared library C:\Program Files\Java\jdk-23\bin\sunmscapi.dll

Deoptimization events (0 events):
No events

Classes loaded (20 events):
Event: 5.993 Loading class com/sun/security/sasl/Provider$1
Event: 5.994 Loading class com/sun/security/sasl/Provider$1 done
Event: 5.994 Loading class com/sun/security/sasl/Provider$ProviderService
Event: 5.994 Loading class com/sun/security/sasl/Provider$ProviderService done
Event: 5.995 Loading class sun/security/provider/certpath/ldap/JdkLDAP
Event: 5.995 Loading class sun/security/provider/certpath/ldap/JdkLDAP done
Event: 5.996 Loading class sun/security/provider/certpath/ldap/JdkLDAP$ProviderService
Event: 5.996 Loading class sun/security/provider/certpath/ldap/JdkLDAP$ProviderService done
Event: 6.203 Loading class java/security/AccessControlException
Event: 6.204 Loading class java/security/AccessControlException done
Event: 6.210 Loading class java/beans/PropertyVetoException
Event: 6.210 Loading class java/beans/PropertyVetoException done
Event: 7.102 Loading class java/lang/UnsupportedClassVersionError
Event: 7.103 Loading class java/lang/ClassFormatError
Event: 7.104 Loading class java/lang/ClassFormatError done
Event: 7.104 Loading class java/lang/UnsupportedClassVersionError done
Event: 7.450 Loading class java/util/stream/ReferencePipeline$15
Event: 7.451 Loading class java/util/stream/ReferencePipeline$15 done
Event: 7.451 Loading class java/util/stream/ReferencePipeline$15$1
Event: 7.452 Loading class java/util/stream/ReferencePipeline$15$1 done

Classes unloaded (0 events):
No events

Classes redefined (0 events):
No events

Internal exceptions (20 events):
Event: 3.791 Thread 0x000002f7e842edc0 Exception <a 'java/lang/NoSuchMethodError'{0x00000000e27411a0}: 'int java.lang.invoke.DirectMethodHandle$Holder.invokeStatic(java.lang.Object, int, java.lang.Object, java.lang.Object)'> (0x00000000e27411a0) 
thrown [s\open\src\hotspot\share\interpreter\linkResolver.cpp, line 796]
Event: 3.792 Thread 0x000002f7e842edc0 Exception <a 'java/lang/NoSuchMethodError'{0x00000000e2748368}: 'java.lang.Object java.lang.invoke.DirectMethodHandle$Holder.newInvokeSpecial(java.lang.Object, int, java.lang.Object)'> (0x00000000e2748368) 
thrown [s\open\src\hotspot\share\interpreter\linkResolver.cpp, line 796]
Event: 3.792 Thread 0x000002f7e842edc0 Exception <a 'java/lang/NoSuchMethodError'{0x00000000e274cef0}: 'int java.lang.invoke.DirectMethodHandle$Holder.invokeSpecialIFC(java.lang.Object, java.lang.Object, java.lang.Object, java.lang.Object)'> (0x00000000e274cef0) 
thrown [s\open\src\hotspot\share\interpreter\linkResolver.cpp, line 796]
Event: 3.826 Thread 0x000002f7e842edc0 Exception <a 'java/lang/NoSuchMethodError'{0x00000000e27fd280}: 'void java.lang.invoke.DirectMethodHandle$Holder.invokeInterface(java.lang.Object, java.lang.Object, java.lang.Object)'> (0x00000000e27fd280) 
thrown [s\open\src\hotspot\share\interpreter\linkResolver.cpp, line 796]
Event: 3.877 Thread 0x000002f7e842edc0 Exception <a 'java/lang/NoSuchMethodError'{0x00000000e26a5010}: 'void java.lang.invoke.DirectMethodHandle$Holder.invokeStaticInit(java.lang.Object, java.lang.Object, java.lang.Object)'> (0x00000000e26a5010) 
thrown [s\open\src\hotspot\share\interpreter\linkResolver.cpp, line 796]
Event: 3.898 Thread 0x000002f7e842edc0 Exception <a 'java/lang/NoSuchMethodError'{0x00000000e26f8ef0}: 'java.lang.Object java.lang.invoke.DirectMethodHandle$Holder.invokeVirtual(java.lang.Object, java.lang.Object, java.lang.Object)'> (0x00000000e26f8ef0) 
thrown [s\open\src\hotspot\share\interpreter\linkResolver.cpp, line 796]
Event: 3.945 Thread 0x000002f7e842edc0 Exception <a 'java/lang/NoSuchMethodError'{0x00000000e31c7400}: 'void java.lang.invoke.DirectMethodHandle$Holder.invokeVirtual(java.lang.Object, java.lang.Object, java.lang.Object, java.lang.Object)'> (0x00000000e31c7400) 
thrown [s\open\src\hotspot\share\interpreter\linkResolver.cpp, line 796]
Event: 4.122 Thread 0x000002f7e842edc0 Exception <a 'java/lang/NoSuchMethodError'{0x00000000e2e41268}: 'java.lang.reflect.Field[] java.lang.Class.getDeclaredFields(java.lang.Class)'> (0x00000000e2e41268) 
thrown [s\open\src\hotspot\share\interpreter\linkResolver.cpp, line 796]
Event: 4.125 Thread 0x000002f7e842edc0 Exception <a 'java/lang/NoSuchMethodError'{0x00000000e2e45c78}: 'java.lang.Object java.lang.invoke.DirectMethodHandle$Holder.invokeStatic(java.lang.Object, java.lang.Object, int)'> (0x00000000e2e45c78) 
thrown [s\open\src\hotspot\share\interpreter\linkResolver.cpp, line 796]
Event: 4.126 Thread 0x000002f7e842edc0 Exception <a 'java/lang/NoSuchMethodError'{0x00000000e2e50c60}: 'void java.lang.invoke.DelegatingMethodHandle$Holder.delegate(java.lang.Object, java.lang.Object, int, java.lang.Object)'> (0x00000000e2e50c60) 
thrown [s\open\src\hotspot\share\interpreter\linkResolver.cpp, line 796]
Event: 4.162 Thread 0x000002f7e842edc0 Exception <a 'java/lang/IncompatibleClassChangeError'{0x00000000e2ef7558}: Found class java.lang.Object, but interface was expected> (0x00000000e2ef7558) 
thrown [s\open\src\hotspot\share\interpreter\linkResolver.cpp, line 863]
Event: 5.029 Thread 0x000002f7e842edc0 Exception <a 'java/lang/NoSuchMethodError'{0x00000000e2f71838}: 'int java.lang.invoke.DirectMethodHandle$Holder.invokeSpecial(java.lang.Object, java.lang.Object, java.lang.Object, java.lang.Object, java.lang.Object)'> (0x00000000e2f71838) 
thrown [s\open\src\hotspot\share\interpreter\linkResolver.cpp, line 796]
Event: 5.035 Thread 0x000002f7e842edc0 Exception <a 'java/lang/NoSuchMethodError'{0x00000000e2faf698}: 'void java.lang.invoke.DirectMethodHandle$Holder.invokeVirtual(java.lang.Object, java.lang.Object)'> (0x00000000e2faf698) 
thrown [s\open\src\hotspot\share\interpreter\linkResolver.cpp, line 796]
Event: 5.683 Thread 0x000002f7e8645f10 Exception <a 'java/lang/NoSuchMethodError'{0x00000000e2faa708}: 'long java.lang.invoke.DirectMethodHandle$Holder.invokeSpecial(java.lang.Object, java.lang.Object)'> (0x00000000e2faa708) 
thrown [s\open\src\hotspot\share\interpreter\linkResolver.cpp, line 796]
Event: 5.685 Thread 0x000002f7e8645f10 Exception <a 'java/lang/NoSuchMethodError'{0x00000000e2fb4378}: 'long java.lang.invoke.DirectMethodHandle$Holder.invokeStatic(java.lang.Object, java.lang.Object)'> (0x00000000e2fb4378) 
thrown [s\open\src\hotspot\share\interpreter\linkResolver.cpp, line 796]
Event: 5.685 Thread 0x000002f7e8645f10 Exception <a 'java/lang/NoSuchMethodError'{0x00000000e2fb7478}: 'long java.lang.invoke.DirectMethodHandle$Holder.invokeStaticInit(java.lang.Object, java.lang.Object)'> (0x00000000e2fb7478) 
thrown [s\open\src\hotspot\share\interpreter\linkResolver.cpp, line 796]
Event: 5.687 Thread 0x000002f7e8645f10 Exception <a 'java/lang/NoSuchMethodError'{0x00000000e2fe1ab0}: 'long java.lang.invoke.DirectMethodHandle$Holder.invokeInterface(java.lang.Object, java.lang.Object)'> (0x00000000e2fe1ab0) 
thrown [s\open\src\hotspot\share\interpreter\linkResolver.cpp, line 796]
Event: 5.687 Thread 0x000002f7e8645f10 Exception <a 'java/lang/IncompatibleClassChangeError'{0x00000000e2fe4ad8}: Found class java.lang.Object, but interface was expected> (0x00000000e2fe4ad8) 
thrown [s\open\src\hotspot\share\interpreter\linkResolver.cpp, line 863]
Event: 5.691 Thread 0x000002f7e8645f10 Exception <a 'java/lang/NoSuchMethodError'{0x00000000e2ffc278}: 'java.lang.Object java.lang.invoke.DirectMethodHandle$Holder.invokeVirtual(java.lang.Object, java.lang.Object, java.lang.Object, java.lang.Object)'> (0x00000000e2ffc278) 
thrown [s\open\src\hotspot\share\interpreter\linkResolver.cpp, line 796]
Event: 5.745 Thread 0x000002f7e842edc0 Exception <a 'java/lang/IncompatibleClassChangeError'{0x00000000e2cca430}: Found class java.lang.Object, but interface was expected> (0x00000000e2cca430) 
thrown [s\open\src\hotspot\share\interpreter\linkResolver.cpp, line 863]

VM Operations (20 events):
Event: 6.219 Executing VM operation: CollectForMetadataAllocation (Metadata GC Threshold) done
Event: 6.251 Executing VM operation: G1PauseRemark
Event: 6.258 Executing VM operation: G1PauseRemark done
Event: 6.271 Executing VM operation: G1PauseCleanup
Event: 6.271 Executing VM operation: G1PauseCleanup done
Event: 6.623 Executing VM operation: G1CollectForAllocation (G1 Evacuation Pause)
Event: 6.626 Executing VM operation: G1CollectForAllocation (G1 Evacuation Pause) done
Event: 7.053 Executing VM operation: G1CollectForAllocation (G1 Evacuation Pause)
Event: 7.061 Executing VM operation: G1CollectForAllocation (G1 Evacuation Pause) done
Event: 7.277 Executing VM operation: HandshakeAllThreads (Deoptimize)
Event: 7.277 Executing VM operation: HandshakeAllThreads (Deoptimize) done
Event: 7.279 Executing VM operation: HandshakeAllThreads (Deoptimize)
Event: 7.279 Executing VM operation: HandshakeAllThreads (Deoptimize) done
Event: 7.290 Executing VM operation: HandshakeAllThreads (Deoptimize)
Event: 7.290 Executing VM operation: HandshakeAllThreads (Deoptimize) done
Event: 7.294 Executing VM operation: HandshakeAllThreads (Deoptimize)
Event: 7.294 Executing VM operation: HandshakeAllThreads (Deoptimize) done
Event: 7.458 Executing VM operation: HandshakeAllThreads (Deoptimize)
Event: 7.458 Executing VM operation: HandshakeAllThreads (Deoptimize) done
Event: 7.522 Executing VM operation: G1CollectForAllocation (G1 Evacuation Pause)

Memory protections (0 events):
No events

Nmethod flushes (0 events):
No events

Events (16 events):
Event: 0.189 Thread 0x000002f793ff8f30 Thread added: 0x000002f793ff8f30
Event: 0.225 Thread 0x000002f793ff8f30 Thread added: 0x000002f7a2321110
Event: 0.226 Thread 0x000002f793ff8f30 Thread added: 0x000002f7a2325100
Event: 0.226 Thread 0x000002f793ff8f30 Thread added: 0x000002f7a23291a0
Event: 0.226 Thread 0x000002f793ff8f30 Thread added: 0x000002f7a232bf30
Event: 0.226 Thread 0x000002f793ff8f30 Thread added: 0x000002f7a232d2e0
Event: 0.226 Thread 0x000002f793ff8f30 Thread added: 0x000002f7a2331b90
Event: 0.226 Thread 0x000002f793ff8f30 Thread added: 0x000002f7a2332f40
Event: 0.614 Thread 0x000002f793ff8f30 Thread added: 0x000002f7a245cd60
Event: 0.656 Thread 0x000002f793ff8f30 Thread added: 0x000002f7a2463d80
Event: 2.319 Thread 0x000002f793ff8f30 Thread added: 0x000002f7e841a660
Event: 2.333 Thread 0x000002f7e841a660 Thread added: 0x000002f7e842edc0
Event: 4.111 Thread 0x000002f7e842edc0 Thread added: 0x000002f7e8645f10
Event: 5.585 Thread 0x000002f7e842edc0 Thread added: 0x000002f7e8b52e50
Event: 5.722 Thread 0x000002f7e8b52e50 Thread exited: 0x000002f7e8b52e50
Event: 6.002 Thread 0x000002f7e8645f10 Thread exited: 0x000002f7e8645f10


Dynamic libraries:
0x00007ff7350e0000 - 0x00007ff7350f0000 	C:\Program Files\Java\jdk-23\bin\java.exe
0x00007ffcd55e0000 - 0x00007ffcd57d0000 	C:\Windows\SYSTEM32\ntdll.dll
0x00007ffcd4cf0000 - 0x00007ffcd4da2000 	C:\Windows\System32\KERNEL32.DLL
0x00007ffcd2830000 - 0x00007ffcd2ad3000 	C:\Windows\System32\KERNELBASE.dll
0x00007ffcd3260000 - 0x00007ffcd335a000 	C:\Windows\System32\ucrtbase.dll
0x00007ffcc25f0000 - 0x00007ffcc260b000 	C:\Program Files\Java\jdk-23\bin\VCRUNTIME140.dll
0x00007ffcb8c00000 - 0x00007ffcb8c17000 	C:\Program Files\Java\jdk-23\bin\jli.dll
0x00007ffcd4690000 - 0x00007ffcd4823000 	C:\Windows\System32\USER32.dll
0x00007ffcd2750000 - 0x00007ffcd2771000 	C:\Windows\System32\win32u.dll
0x00007ffcd4f80000 - 0x00007ffcd4fa6000 	C:\Windows\System32\GDI32.dll
0x00007ffcd3500000 - 0x00007ffcd3694000 	C:\Windows\System32\gdi32full.dll
0x00007ffcd3410000 - 0x00007ffcd34ae000 	C:\Windows\System32\msvcp_win.dll
0x00007ffcbf0f0000 - 0x00007ffcbf375000 	C:\Windows\WinSxS\amd64_microsoft.windows.common-controls_6595b64144ccf1df_6.0.18362.175_none_e6c3ab1f131014c9\COMCTL32.dll
0x00007ffcd4480000 - 0x00007ffcd451e000 	C:\Windows\System32\msvcrt.dll
0x00007ffcd5200000 - 0x00007ffcd5536000 	C:\Windows\System32\combase.dll
0x00007ffcd4bd0000 - 0x00007ffcd4cf0000 	C:\Windows\System32\RPCRT4.dll
0x00007ffcd26c0000 - 0x00007ffcd2741000 	C:\Windows\System32\bcryptPrimitives.dll
0x00007ffcd4520000 - 0x00007ffcd454e000 	C:\Windows\System32\IMM32.DLL
0x00007ffcc8460000 - 0x00007ffcc846c000 	C:\Program Files\Java\jdk-23\bin\vcruntime140_1.dll
0x00007ffca0e40000 - 0x00007ffca0ece000 	C:\Program Files\Java\jdk-23\bin\msvcp140.dll
0x00007ffc9c0c0000 - 0x00007ffc9ce0f000 	C:\Program Files\Java\jdk-23\bin\server\jvm.dll
0x00007ffcd4db0000 - 0x00007ffcd4e53000 	C:\Windows\System32\ADVAPI32.dll
0x00007ffcd4940000 - 0x00007ffcd49d7000 	C:\Windows\System32\sechost.dll
0x00007ffcd2520000 - 0x00007ffcd256a000 	C:\Windows\System32\POWRPROF.dll
0x00007ffcd24b0000 - 0x00007ffcd24c0000 	C:\Windows\System32\UMPDC.dll
0x00007ffcd4a90000 - 0x00007ffcd4aff000 	C:\Windows\System32\WS2_32.dll
0x00007ffcd0480000 - 0x00007ffcd04a4000 	C:\Windows\SYSTEM32\WINMM.dll
0x00007ffcc82d0000 - 0x00007ffcc82da000 	C:\Windows\SYSTEM32\VERSION.dll
0x00007ffcd00d0000 - 0x00007ffcd00fd000 	C:\Windows\SYSTEM32\WINMMBASE.dll
0x00007ffcd34b0000 - 0x00007ffcd34fa000 	C:\Windows\System32\cfgmgr32.dll
0x00007ffcd24e0000 - 0x00007ffcd24f1000 	C:\Windows\System32\kernel.appcore.dll
0x00007ffcc82f0000 - 0x00007ffcc82fa000 	C:\Program Files\Java\jdk-23\bin\jimage.dll
0x00007ffcc0820000 - 0x00007ffcc0a14000 	C:\Windows\SYSTEM32\DBGHELP.DLL
0x00007ffcbcbd0000 - 0x00007ffcbcbfa000 	C:\Windows\SYSTEM32\dbgcore.DLL
0x00007ffcc24b0000 - 0x00007ffcc24ce000 	C:\Program Files\Java\jdk-23\bin\java.dll
0x00007ffcd50a0000 - 0x00007ffcd51f6000 	C:\Windows\System32\ole32.dll
0x00007ffcd3920000 - 0x00007ffcd4000000 	C:\Windows\System32\SHELL32.dll
0x00007ffcd4e70000 - 0x00007ffcd4f19000 	C:\Windows\System32\shcore.dll
0x00007ffcd2ae0000 - 0x00007ffcd325b000 	C:\Windows\System32\windows.storage.dll
0x00007ffcd24c0000 - 0x00007ffcd24df000 	C:\Windows\System32\profapi.dll
0x00007ffcd48e0000 - 0x00007ffcd4932000 	C:\Windows\System32\shlwapi.dll
0x00007ffcd33f0000 - 0x00007ffcd3407000 	C:\Windows\System32\cryptsp.dll
0x00007ffcc5100000 - 0x00007ffcc5110000 	C:\Program Files\Java\jdk-23\bin\net.dll
0x00007ffcd1d20000 - 0x00007ffcd1d87000 	C:\Windows\system32\mswsock.dll
0x00007ffcbe600000 - 0x00007ffcbe616000 	C:\Program Files\Java\jdk-23\bin\nio.dll
0x00007ffcbb360000 - 0x00007ffcbb377000 	C:\Program Files\Java\jdk-23\bin\zip.dll
0x00007ffcbac00000 - 0x00007ffcbac0a000 	C:\Program Files\Java\jdk-23\bin\management.dll
0x00007ffcbabf0000 - 0x00007ffcbabfb000 	C:\Program Files\Java\jdk-23\bin\management_ext.dll
0x00007ffcd4e60000 - 0x00007ffcd4e68000 	C:\Windows\System32\PSAPI.DLL
0x00007ffca9e90000 - 0x00007ffca9e9e000 	C:\Program Files\Java\jdk-23\bin\sunmscapi.dll
0x00007ffcd2570000 - 0x00007ffcd26b9000 	C:\Windows\System32\CRYPT32.dll
0x00007ffcd2500000 - 0x00007ffcd2512000 	C:\Windows\System32\MSASN1.dll
0x00007ffcd1ff0000 - 0x00007ffcd2016000 	C:\Windows\SYSTEM32\ncrypt.dll
0x00007ffcd3360000 - 0x00007ffcd3386000 	C:\Windows\System32\bcrypt.dll
0x00007ffcd1fb0000 - 0x00007ffcd1feb000 	C:\Windows\SYSTEM32\NTASN1.dll

dbghelp: loaded successfully - version: 4.0.5 - missing functions: none
symbol engine: initialized successfully - sym options: 0x614 - pdb path: .;C:\Program Files\Java\jdk-23\bin;C:\Windows\SYSTEM32;C:\Windows\WinSxS\amd64_microsoft.windows.common-controls_6595b64144ccf1df_6.0.18362.175_none_e6c3ab1f131014c9;C:\Program Files\Java\jdk-23\bin\server

VM Arguments:
jvm_args: -XX:TieredStopAtLevel=1 
java_command: com.colegiosapiens.ColegioSapiensApplication
java_class_path (initial): C:\projeto\backend\target\classes;C:\Users\user\.m2\repository\ch\qos\logback\logback-classic\1.5.32\logback-classic-1.5.32.jar;C:\Users\user\.m2\repository\ch\qos\logback\logback-core\1.5.32\logback-core-1.5.32.jar;C:\Users\user\.m2\repository\org\apache\logging\log4j\log4j-to-slf4j\2.24.3\log4j-to-slf4j-2.24.3.jar;C:\Users\user\.m2\repository\org\apache\logging\log4j\log4j-api\2.24.3\log4j-api-2.24.3.jar;C:\Users\user\.m2\repository\org\slf4j\jul-to-slf4j\2.0.17\jul-to-slf4j-2.0.17.jar;C:\Users\user\.m2\repository\jakarta\annotation\jakarta.annotation-api\2.1.1\jakarta.annotation-api-2.1.1.jar;C:\Users\user\.m2\repository\org\yaml\snakeyaml\2.4\snakeyaml-2.4.jar;C:\Users\user\.m2\repository\com\fasterxml\jackson\core\jackson-databind\2.19.4\jackson-databind-2.19.4.jar;C:\Users\user\.m2\repository\com\fasterxml\jackson\core\jackson-annotations\2.19.4\jackson-annotations-2.19.4.jar;C:\Users\user\.m2\repository\com\fasterxml\jackson\core\jackson-core\2.19.4\jackson-core-2.19.4.jar;C:\Users\user\.m2\repository\com\fasterxml\jackson\datatype\jackson-datatype-jdk8\2.19.4\jackson-datatype-jdk8-2.19.4.jar;C:\Users\user\.m2\repository\com\fasterxml\jackson\datatype\jackson-datatype-jsr310\2.19.4\jackson-datatype-jsr310-2.19.4.jar;C:\Users\user\.m2\repository\com\fasterxml\jackson\module\jackson-module-parameter-names\2.19.4\jackson-module-parameter-names-2.19.4.jar;C:\Users\user\.m2\repository\org\apache\tomcat\embed\tomcat-embed-core\10.1.52\tomcat-embed-core-10.1.52.jar;C:\Users\user\.m2\repository\org\apache\tomcat\embed\tomcat-embed-websocket\10.1.52\tomcat-embed-websocket-10.1.52.jar;C:\Users\user\.m2\repository\org\springframework\spring-web\6.2.16\spring-web-6.2.16.jar;C:\Users\user\.m2\repository\org\springframework\spring-beans\6.2.16\spring-beans-6.2.16.jar;C:\Users\user\.m2\repository\io\micrometer\micrometer-observation\1.15.9\micrometer-observation-1.15.9.jar;C:\Users\user\.m2\repository\io\micrometer\micrometer-commons\1.15.9\micrometer-commons-1.15.9.jar;C:\Users\user\.m2\repository\org\springframework\spring-webmvc\6.2.16\spring-webmvc-6.2.16.jar;C:\Users\user\.m2\repository\org\springframework\spring-context\6.2.16\spring-context-6.2.16.jar;C:\Users\user\.m2\repository\org\springframework\spring-expression\6.2.16\spring-expression-6.2.16.jar;C:\Users\user\.m2\repository\com\zaxxer\HikariCP\6.3.3\HikariCP-6.3.3.jar;C:\Users\user\.m2\repository\org\springframework\spring-jdbc\6.2.16\spring-jdbc-6.2.16.jar;C:\Users\user\.m2\repository\org\hibernate\orm\hibernate-core\6.6.42.Final\hibernate-core-6.6.42.Final.jar;C:\Users\user\.m2\repository\jakarta\persistence\jakarta.persistence-api\3.1.0\jakarta.persistence-api-3.1.0.jar;C:\Users\user\.m2\repository\jakarta\transaction\jakarta.transaction-api\2.0.1\jakarta.transaction-api-2.0.1.jar;C:\Users\user\.m2\repository\org\jboss\logging\jboss-logging\3.6.2.Final\jboss-logging-3.6.2.Final.jar;C:\Users\user\.m2\repository\org\hibernate\common\hibernate-commons-annotations\7.0.3.Final\hibernate-commons-annotations-7.0.3.Final.jar;C:\Users\user\.m2\repository\io\smallrye\jandex\3.2.0\jandex-3.2.0.jar;C:\Users\user\.m2\repository\com\fasterxml\classmate\1.7.3\classmate-1.7.3.jar;C:\Users\user\.m2\repository\net\bytebuddy\byte-buddy\1.17.8\byte-buddy-1.17.8.jar;C:\Users\user\.m2\repository\org\glassfish\jaxb\jaxb-runtime\4.0.6\jaxb-runtime-4.0.6.jar;C:\Users\user\.m2\repository\org\glassfish\jaxb\jaxb-core\4.0.6\jaxb-core-4.0.6.jar;C:\Users\user\.m2\repository\org\eclipse\angus\angus-activation\2.0.3\angus-activation-2.0.3.jar;C:\Users\user\.m2\repository\org\glassfish\jaxb\txw2\4.0.6\txw2-4.0.6.jar;C:\Users\user\.m2\repository\com\sun\istack\istack-commons-runtime\4.1.2\istack-commons-runtime-4.1.2.jar;C:\Users\user\.m2\repository\jakarta\inject\jakarta.inject-api\2.0.1\jakarta.inject-api-2.0.1.jar;C:\Users\user\.m2\repository\org\antlr\antlr4-runtime\4.13.0\antlr4-runtime-4.13.0.jar;C:\Users\user\.m2\repository\org\springframework\data\spring-data-jpa\3.5.9\spring-data-jpa-3.5.9.jar;C:\Users\user\.m2\repository\org\springframework\data\spring-data-commons\3.5.9\spring-data-commons-3.5.9.jar;C:\Users\user\.m2\repository\org\springframework\spring-orm\6.2.16\spring-orm-6.2.16.jar;C:\Users\user\.m2\repository\org\springframework\spring-tx\6.2.16\spring-tx-6.2.16.jar;C:\Users\user\.m2\repository\org\slf4j\slf4j-api\2.0.17\slf4j-api-2.0.17.jar;C:\Users\user\.m2\repository\org\springframework\spring-aspects\6.2.16\spring-aspects-6.2.16.jar;C:\Users\user\.m2\repository\org\aspectj\aspectjweaver\1.9.25.1\aspectjweaver-1.9.25.1.jar;C:\Users\user\.m2\repository\org\springframework\spring-aop\6.2.16\spring-aop-6.2.16.jar;C:\Users\user\.m2\repository\org\springframework\security\spring-security-config\6.5.8\spring-security-config-6.5.8.jar;C:\Users\user\.m2\repository\org\springframework\security\spring-security-web\6.5.8\spring-security-web-6.5.8.jar;C:\Users\user\.m2\repository\org\apache\tomcat\embed\tomcat-embed-el\10.1.52\tomcat-embed-el-10.1.52.jar;C:\Users\user\.m2\repository\org\hibernate\validator\hibernate-validator\8.0.3.Final\hibernate-validator-8.0.3.Final.jar;C:\Users\user\.m2\repository\jakarta\validation\jakarta.validation-api\3.0.2\jakarta.validation-api-3.0.2.jar;C:\Users\user\.m2\repository\com\h2database\h2\2.3.232\h2-2.3.232.jar;C:\Users\user\.m2\repository\com\mysql\mysql-connector-j\9.6.0\mysql-connector-j-9.6.0.jar;C:\Users\user\.m2\repository\org\springframework\boot\spring-boot-devtools\3.5.11\spring-boot-devtools-3.5.11.jar;C:\Users\user\.m2\repository\org\springframework\boot\spring-boot\3.5.11\spring-boot-3.5.11.jar;C:\Users\user\.m2\repository\org\springframework\boot\spring-boot-autoconfigure\3.5.11\spring-boot-autoconfigure-3.5.11.jar;C:\Users\user\.m2\repository\jakarta\xml\bind\jakarta.xml.bind-api\4.0.4\jakarta.xml.bind-api-4.0.4.jar;C:\Users\user\.m2\repository\jakarta\activation\jakarta.activation-api\2.1.4\jakarta.activation-api-2.1.4.jar;C:\Users\user\.m2\repository\org\springframework\spring-core\6.2.16\spring-core-6.2.16.jar;C:\Users\user\.m2\repository\org\springframework\spring-jcl\6.2.16\spring-jcl-6.2.16.jar;C:\Users\user\.m2\repository\org\springframework\security\spring-security-core\6.5.8\spring-security-core-6.5.8.jar;C:\Users\user\.m2\repository\org\springframework\security\spring-security-crypto\6.5.8\spring-security-crypto-6.5.8.jar
Launcher Type: SUN_STANDARD

[Global flags]
     intx CICompilerCount                          = 3                                         {product} {ergonomic}
     uint ConcGCThreads                            = 1                                         {product} {ergonomic}
     uint G1ConcRefinementThreads                  = 4                                         {product} {ergonomic}
   size_t G1HeapRegionSize                         = 1048576                                   {product} {ergonomic}
   size_t InitialHeapSize                          = 33554432                                  {product} {ergonomic}
   size_t MarkStackSize                            = 4194304                                   {product} {ergonomic}
   size_t MarkStackSizeMax                         = 536870912                                 {product} {ergonomic}
   size_t MaxHeapSize                              = 517996544                                 {product} {ergonomic}
   size_t MaxNewSize                               = 310378496                                 {product} {ergonomic}
   size_t MinHeapDeltaBytes                        = 1048576                                   {product} {ergonomic}
   size_t MinHeapSize                              = 8388608                                   {product} {ergonomic}
    uintx NonNMethodCodeHeapSize                   = 4096                                   {pd product} {ergonomic}
    uintx NonProfiledCodeHeapSize                  = 0                                      {pd product} {ergonomic}
     bool ProfileInterpreter                       = false                                  {pd product} {command line}
    uintx ProfiledCodeHeapSize                     = 0                                      {pd product} {ergonomic}
   size_t SoftMaxHeapSize                          = 517996544                              {manageable} {ergonomic}
     intx TieredStopAtLevel                        = 1                                         {product} {command line}
     bool UseCompressedOops                        = true                           {product lp64_product} {ergonomic}
     bool UseG1GC                                  = true                                      {product} {ergonomic}
     bool UseLargePagesIndividualAllocation        = false                                  {pd product} {ergonomic}

Logging:
Log output configuration:
 #0: stdout all=warning uptime,level,tags foldmultilines=false
 #1: stderr all=off uptime,level,tags foldmultilines=false

Environment Variables:
JAVA_HOME=C:\Program Files\Java\jdk-23
PATH=C:\Program Files\Common Files\Oracle\Java\javapath;C:\Windows\system32;C:\Windows;C:\Windows\System32\Wbem;C:\Windows\System32\WindowsPowerShell\v1.0\;C:\Windows\System32\OpenSSH\;C:\Users\user\AppData\Local\Programs\Python\Launcher\;C:\Users\user\AppData\Local\Microsoft\WindowsApps;C:\Users\user\AppData\Local\Programs\Microsoft VS Code\bin
USERNAME=user
OS=Windows_NT
PROCESSOR_IDENTIFIER=Intel64 Family 6 Model 61 Stepping 4, GenuineIntel
TMP=C:\Users\user\AppData\Local\Temp
TEMP=C:\Users\user\AppData\Local\Temp




Periodic native trim disabled

---------------  S Y S T E M  ---------------

OS:
 Windows 10 , 64 bit Build 18362 (10.0.18362.86)
OS uptime: 0 days 4:35 hours

CPU: total 4 (initial active 4) (2 cores per cpu, 2 threads per core) family 6 model 61 stepping 4 microcode 0x2b, cx8, cmov, fxsr, ht, mmx, 3dnowpref, sse, sse2, sse3, ssse3, sse4.1, sse4.2, popcnt, lzcnt, tsc, tscinvbit, avx, avx2, aes, erms, clmul, bmi1, bmi2, adx, fma, vzeroupper, clflush, rdtscp, f16c
Processor Information for the first 4 processors :
  Max Mhz: 2401, Current Mhz: 2400, Mhz Limit: 2376

Memory: 4k page, system-wide physical 1975M (128M free)
TotalPageFile size 8119M (AvailPageFile size 3M)
current process WorkingSet (physical memory assigned to process): 89M, peak: 96M
current process commit charge ("private bytes"): 145M, peak: 152M

vm_info: Java HotSpot(TM) 64-Bit Server VM (23.0.1+11-39) for windows-amd64 JRE (23.0.1+11-39), built on 2024-09-30T07:20:43Z with MS VC++ 17.6 (VS2022)

END.
